// Jest Snapshot v1, https://goo.gl/fbAQLP

exports[`SavedModal tests snapshots 1`] = `
<Modal
  animation="slide"
  hardwareAccelerated={false}
  onRequestClose={[Function]}
  transparent={true}
  visible={true}
>
  <View
    style={
      Object {
        "alignItems": "center",
        "backgroundColor": "rgba(52, 52, 52, 0.8)",
        "flex": 1,
        "justifyContent": "center",
      }
    }
  >
    <View
      style={
        Object {
          "alignItems": "center",
          "alignSelf": "center",
          "backgroundColor": "white",
          "borderRadius": 20,
          "height": 667,
          "width": 600,
        }
      }
    >
      <View
        style={
          Object {
            "alignSelf": "stretch",
            "borderBottomWidth": 1,
            "borderColor": "#EAEAEA",
            "flex": 1,
            "justifyContent": "center",
          }
        }
      >
        <Text
          accessible={true}
          allowFontScaling={true}
          ellipsizeMode="tail"
          style={
            Object {
              "color": "black",
              "fontSize": 20,
              "fontWeight": "700",
              "textAlign": "center",
            }
          }
        >
          [missing "en.saved" translation]
        </Text>
      </View>
      <View
        style={
          Object {
            "alignItems": "center",
            "alignSelf": "stretch",
            "backgroundColor": "#ccffff",
            "borderBottomLeftRadius": 20,
            "borderBottomRightRadius": 20,
            "flex": 3,
          }
        }
      >
        <View
          style={
            Object {
              "alignItems": "center",
              "height": 90,
              "justifyContent": "center",
              "marginTop": 15,
              "width": 80,
            }
          }
        >
          <Image
            source={
              Object {
                "testUri": "../../../src/images/category-pin.png",
              }
            }
            style={
              Array [
                Object {
                  "bottom": 0,
                  "left": 0,
                  "position": "absolute",
                  "right": 0,
                  "top": 0,
                },
                Object {
                  "height": 90,
                  "width": 80,
                },
                undefined,
              ]
            }
          />
          <View
            style={
              Object {
                "marginTop": -10,
              }
            }
          >
            <Image
              resizeMode="contain"
              source={
                Object {
                  "testUri": "../../../src/images/categories/category_18.png",
                }
              }
              style={
                Object {
                  "height": 30,
                  "width": 30,
                }
              }
            />
          </View>
        </View>
        <View
          style={
            Object {
              "alignItems": "center",
              "justifyContent": "center",
              "paddingBottom": 10,
            }
          }
        >
          <Text
            accessible={true}
            allowFontScaling={true}
            ellipsizeMode="tail"
            style={
              Object {
                "color": "black",
                "fontSize": 20,
                "fontWeight": "700",
                "textAlign": "center",
              }
            }
          >
            Observation
          </Text>
          <View
            style={
              Object {
                "flexDirection": "row",
              }
            }
          >
            <Text
              accessible={true}
              allowFontScaling={true}
              ellipsizeMode="tail"
              style={
                Object {
                  "color": "black",
                  "fontSize": 12,
                  "fontWeight": "400",
                }
              }
            >
              [missing "en.at" translation]
               
            </Text>
            <Text
              accessible={true}
              allowFontScaling={true}
              ellipsizeMode="tail"
              style={
                Object {
                  "color": "black",
                  "fontSize": 12,
                  "fontWeight": "700",
                }
              }
            >
              50.5, 50.5.
            </Text>
          </View>
          <Text
            accessible={true}
            allowFontScaling={true}
            ellipsizeMode="tail"
            style={
              Object {
                "color": "#666666",
                "fontSize": 12,
                "fontWeight": "400",
              }
            }
          >
            [missing "en.on" translation]
             
            March 25, 5:30 PM
          </Text>
        </View>
      </View>
    </View>
  </View>
</Modal>
`;
