// Jest Snapshot v1, https://goo.gl/fbAQLP

exports[`ObservationCell tests snapshots 1`] = `
<View
  accessibilityComponentType={undefined}
  accessibilityLabel={undefined}
  accessibilityTraits={undefined}
  accessible={true}
  collapsable={undefined}
  hasTVPreferredFocus={undefined}
  hitSlop={undefined}
  isTVSelectable={true}
  nativeID={undefined}
  onLayout={undefined}
  onResponderGrant={[Function]}
  onResponderMove={[Function]}
  onResponderRelease={[Function]}
  onResponderTerminate={[Function]}
  onResponderTerminationRequest={[Function]}
  onStartShouldSetResponder={[Function]}
  style={
    Object {
      "opacity": 1,
    }
  }
  testID={undefined}
  tvParallaxProperties={undefined}
>
  <View
    style={
      Object {
        "alignItems": "center",
        "backgroundColor": "white",
        "borderBottomColor": "#EAEAEA",
        "borderBottomWidth": 1,
        "flexDirection": "row",
        "height": 80,
        "justifyContent": "flex-start",
        "paddingHorizontal": 20,
        "width": 750,
      }
    }
  >
    <View
      style={
        Object {
          "alignItems": "flex-start",
          "flex": 1,
          "flexDirection": "column",
          "justifyContent": "center",
        }
      }
    >
      <Text
        accessible={true}
        allowFontScaling={true}
        ellipsizeMode="tail"
        style={
          Object {
            "color": "black",
            "fontSize": 18,
            "fontWeight": "700",
          }
        }
      >
        02/25/2018, 12:23 PM
      </Text>
      <Text
        accessible={true}
        allowFontScaling={true}
        ellipsizeMode="tail"
      >
        Threat
      </Text>
    </View>
    <View
      style={
        Object {
          "flexDirection": "column",
        }
      }
    >
      <View
        style={
          Array [
            Object {
              "alignItems": "center",
              "backgroundColor": "white",
              "borderColor": "#EAEAEA",
              "borderRadius": 50,
              "borderWidth": 1,
              "elevation": 3,
              "height": 50,
              "justifyContent": "center",
              "marginRight": -5,
              "shadowColor": "black",
              "shadowOffset": Object {
                "height": 2,
                "width": 0,
              },
              "shadowOpacity": 1,
              "shadowRadius": 10,
              "width": 50,
            },
            Object {},
          ]
        }
      >
        <View
          style={
            Object {
              "alignItems": "center",
              "justifyContent": "center",
            }
          }
        >
          <Image
            resizeMode="contain"
            source={
              Object {
                "testUri": "../../../src/images/categories/category_18.png",
              }
            }
            style={
              Object {
                "height": 15,
                "width": 15,
              }
            }
          />
        </View>
      </View>
    </View>
  </View>
</View>
`;
