// Jest Snapshot v1, https://goo.gl/fbAQLP

exports[`MapView tests snapshots 1`] = `
ShallowWrapper {
  "length": 1,
  Symbol(enzyme.__root__): [Circular],
  Symbol(enzyme.__unrendered__): <Map
    createObservation={[MockFunction]}
    listObservations={[MockFunction]}
    listStyles={[MockFunction]}
    navigation={
      Object {
        "addListener": [MockFunction],
        "dispatch": [MockFunction],
        "getParam": [MockFunction],
        "goBack": [MockFunction],
        "isFocused": [MockFunction],
        "navigate": [MockFunction],
        "setParams": [MockFunction],
        "state": Object {},
      }
    }
    observations={Object {}}
    selectObservation={[MockFunction]}
    selectedObservation={
      Object {
        "attachments": Array [],
        "categoryId": 19,
        "created_at": "2018-02-25T20:23:00.000Z",
        "fields": Array [
          Object {
            "answer": "",
            "answered": false,
            "id": "0",
            "name": "fieldName",
            "placeholder": "this is some placeholder text",
            "type": "text",
          },
        ],
        "id": 1,
        "lat": 50.5,
        "lon": 50.5,
        "notes": "This is pretty bad. It smells pretty noxious, and the entire pond is affected.",
        "observedBy": "You",
      }
    }
    updateObservation={[MockFunction]}
    updateObservationSource={[MockFunction]}
  />,
  Symbol(enzyme.__renderer__): Object {
    "batchedUpdates": [Function],
    "getNode": [Function],
    "render": [Function],
    "simulateEvent": [Function],
    "unmount": [Function],
  },
  Symbol(enzyme.__node__): Object {
    "instance": null,
    "key": undefined,
    "nodeType": "class",
    "props": Object {
      "children": Array [
        <Component
          style={
            Object {
              "flex": 1,
            }
          }
        >
          <UNDEFINED
            compassEnabled={false}
            logoEnabled={true}
            maxZoomLevel={22}
            onLongPress={[Function]}
            pitchEnabled={false}
            rotateEnabled={false}
            style={
              Object {
                "flex": 1,
              }
            }
          />
          <Component
            style={
              Object {
                "alignItems": "center",
                "backgroundColor": "transparent",
                "bottom": 25,
                "flexDirection": "row",
                "justifyContent": "space-around",
                "position": "absolute",
                "width": 750,
                "zIndex": 5,
              }
            }
          >
            <Component
              style={
                Object {
                  "width": 50,
                }
              }
            />
            <TouchableOpacity
              activeOpacity={0.2}
              onPress={[Function]}
              style={
                Object {
                  "alignSelf": "center",
                }
              }
            >
              <Component
                source={
                  Object {
                    "testUri": "../../../src/images/add-button.png",
                  }
                }
                style={
                  Object {
                    "height": 125,
                    "width": 125,
                  }
                }
              />
            </TouchableOpacity>
            <TouchableOpacity
              activeOpacity={0.2}
              onPress={[Function]}
            >
              <Icon
                allowFontScaling={false}
                color="#ffffff"
                name="my-location"
                size={50}
              />
            </TouchableOpacity>
          </Component>
        </Component>,
        <Component
          style={
            Object {
              "backgroundColor": "transparent",
              "left": 0,
              "position": "absolute",
            }
          }
        >
          <ImageBackground
            source={
              Object {
                "testUri": "../../../src/images/gradient-overlay.png",
              }
            }
            style={
              Object {
                "height": 100,
                "width": 750,
              }
            }
          />
        </Component>,
      ],
      "style": Object {
        "height": 1334,
        "width": 750,
      },
    },
    "ref": null,
    "rendered": Array [
      Object {
        "instance": null,
        "key": undefined,
        "nodeType": "class",
        "props": Object {
          "children": Array [
            <UNDEFINED
              compassEnabled={false}
              logoEnabled={true}
              maxZoomLevel={22}
              onLongPress={[Function]}
              pitchEnabled={false}
              rotateEnabled={false}
              style={
                Object {
                  "flex": 1,
                }
              }
            />,
            <Component
              style={
                Object {
                  "alignItems": "center",
                  "backgroundColor": "transparent",
                  "bottom": 25,
                  "flexDirection": "row",
                  "justifyContent": "space-around",
                  "position": "absolute",
                  "width": 750,
                  "zIndex": 5,
                }
              }
            >
              <Component
                style={
                  Object {
                    "width": 50,
                  }
                }
              />
              <TouchableOpacity
                activeOpacity={0.2}
                onPress={[Function]}
                style={
                  Object {
                    "alignSelf": "center",
                  }
                }
              >
                <Component
                  source={
                    Object {
                      "testUri": "../../../src/images/add-button.png",
                    }
                  }
                  style={
                    Object {
                      "height": 125,
                      "width": 125,
                    }
                  }
                />
              </TouchableOpacity>
              <TouchableOpacity
                activeOpacity={0.2}
                onPress={[Function]}
              >
                <Icon
                  allowFontScaling={false}
                  color="#ffffff"
                  name="my-location"
                  size={50}
                />
              </TouchableOpacity>
            </Component>,
          ],
          "style": Object {
            "flex": 1,
          },
        },
        "ref": null,
        "rendered": Array [
          Object {
            "instance": null,
            "key": undefined,
            "nodeType": "function",
            "props": Object {
              "children": Array [
                null,
                undefined,
              ],
              "compassEnabled": false,
              "logoEnabled": true,
              "maxZoomLevel": 22,
              "minZoomLevel": undefined,
              "onLongPress": [Function],
              "pitchEnabled": false,
              "rotateEnabled": false,
              "style": Object {
                "flex": 1,
              },
              "styleURL": undefined,
            },
            "ref": [Function],
            "rendered": Array [
              null,
              undefined,
            ],
            "type": undefined,
          },
          Object {
            "instance": null,
            "key": undefined,
            "nodeType": "class",
            "props": Object {
              "children": Array [
                <Component
                  style={
                    Object {
                      "width": 50,
                    }
                  }
                />,
                <TouchableOpacity
                  activeOpacity={0.2}
                  onPress={[Function]}
                  style={
                    Object {
                      "alignSelf": "center",
                    }
                  }
                >
                  <Component
                    source={
                      Object {
                        "testUri": "../../../src/images/add-button.png",
                      }
                    }
                    style={
                      Object {
                        "height": 125,
                        "width": 125,
                      }
                    }
                  />
                </TouchableOpacity>,
                <TouchableOpacity
                  activeOpacity={0.2}
                  onPress={[Function]}
                >
                  <Icon
                    allowFontScaling={false}
                    color="#ffffff"
                    name="my-location"
                    size={50}
                  />
                </TouchableOpacity>,
              ],
              "style": Object {
                "alignItems": "center",
                "backgroundColor": "transparent",
                "bottom": 25,
                "flexDirection": "row",
                "justifyContent": "space-around",
                "position": "absolute",
                "width": 750,
                "zIndex": 5,
              },
            },
            "ref": null,
            "rendered": Array [
              Object {
                "instance": null,
                "key": undefined,
                "nodeType": "class",
                "props": Object {
                  "style": Object {
                    "width": 50,
                  },
                },
                "ref": null,
                "rendered": null,
                "type": [Function],
              },
              Object {
                "instance": null,
                "key": undefined,
                "nodeType": "class",
                "props": Object {
                  "activeOpacity": 0.2,
                  "children": <Component
                    source={
                      Object {
                        "testUri": "../../../src/images/add-button.png",
                      }
                    }
                    style={
                      Object {
                        "height": 125,
                        "width": 125,
                      }
                    }
                  />,
                  "onPress": [Function],
                  "style": Object {
                    "alignSelf": "center",
                  },
                },
                "ref": null,
                "rendered": Object {
                  "instance": null,
                  "key": undefined,
                  "nodeType": "class",
                  "props": Object {
                    "source": Object {
                      "testUri": "../../../src/images/add-button.png",
                    },
                    "style": Object {
                      "height": 125,
                      "width": 125,
                    },
                  },
                  "ref": null,
                  "rendered": null,
                  "type": [Function],
                },
                "type": [Function],
              },
              Object {
                "instance": null,
                "key": undefined,
                "nodeType": "class",
                "props": Object {
                  "activeOpacity": 0.2,
                  "children": <Icon
                    allowFontScaling={false}
                    color="#ffffff"
                    name="my-location"
                    size={50}
                  />,
                  "onPress": [Function],
                },
                "ref": null,
                "rendered": Object {
                  "instance": null,
                  "key": undefined,
                  "nodeType": "class",
                  "props": Object {
                    "allowFontScaling": false,
                    "color": "#ffffff",
                    "name": "my-location",
                    "size": 50,
                  },
                  "ref": null,
                  "rendered": null,
                  "type": [Function],
                },
                "type": [Function],
              },
            ],
            "type": [Function],
          },
        ],
        "type": [Function],
      },
      Object {
        "instance": null,
        "key": undefined,
        "nodeType": "class",
        "props": Object {
          "children": <ImageBackground
            source={
              Object {
                "testUri": "../../../src/images/gradient-overlay.png",
              }
            }
            style={
              Object {
                "height": 100,
                "width": 750,
              }
            }
          />,
          "style": Object {
            "backgroundColor": "transparent",
            "left": 0,
            "position": "absolute",
          },
        },
        "ref": null,
        "rendered": Object {
          "instance": null,
          "key": undefined,
          "nodeType": "class",
          "props": Object {
            "source": Object {
              "testUri": "../../../src/images/gradient-overlay.png",
            },
            "style": Object {
              "height": 100,
              "width": 750,
            },
          },
          "ref": null,
          "rendered": null,
          "type": [Function],
        },
        "type": [Function],
      },
    ],
    "type": [Function],
  },
  Symbol(enzyme.__nodes__): Array [
    Object {
      "instance": null,
      "key": undefined,
      "nodeType": "class",
      "props": Object {
        "children": Array [
          <Component
            style={
              Object {
                "flex": 1,
              }
            }
          >
            <UNDEFINED
              compassEnabled={false}
              logoEnabled={true}
              maxZoomLevel={22}
              onLongPress={[Function]}
              pitchEnabled={false}
              rotateEnabled={false}
              style={
                Object {
                  "flex": 1,
                }
              }
            />
            <Component
              style={
                Object {
                  "alignItems": "center",
                  "backgroundColor": "transparent",
                  "bottom": 25,
                  "flexDirection": "row",
                  "justifyContent": "space-around",
                  "position": "absolute",
                  "width": 750,
                  "zIndex": 5,
                }
              }
            >
              <Component
                style={
                  Object {
                    "width": 50,
                  }
                }
              />
              <TouchableOpacity
                activeOpacity={0.2}
                onPress={[Function]}
                style={
                  Object {
                    "alignSelf": "center",
                  }
                }
              >
                <Component
                  source={
                    Object {
                      "testUri": "../../../src/images/add-button.png",
                    }
                  }
                  style={
                    Object {
                      "height": 125,
                      "width": 125,
                    }
                  }
                />
              </TouchableOpacity>
              <TouchableOpacity
                activeOpacity={0.2}
                onPress={[Function]}
              >
                <Icon
                  allowFontScaling={false}
                  color="#ffffff"
                  name="my-location"
                  size={50}
                />
              </TouchableOpacity>
            </Component>
          </Component>,
          <Component
            style={
              Object {
                "backgroundColor": "transparent",
                "left": 0,
                "position": "absolute",
              }
            }
          >
            <ImageBackground
              source={
                Object {
                  "testUri": "../../../src/images/gradient-overlay.png",
                }
              }
              style={
                Object {
                  "height": 100,
                  "width": 750,
                }
              }
            />
          </Component>,
        ],
        "style": Object {
          "height": 1334,
          "width": 750,
        },
      },
      "ref": null,
      "rendered": Array [
        Object {
          "instance": null,
          "key": undefined,
          "nodeType": "class",
          "props": Object {
            "children": Array [
              <UNDEFINED
                compassEnabled={false}
                logoEnabled={true}
                maxZoomLevel={22}
                onLongPress={[Function]}
                pitchEnabled={false}
                rotateEnabled={false}
                style={
                  Object {
                    "flex": 1,
                  }
                }
              />,
              <Component
                style={
                  Object {
                    "alignItems": "center",
                    "backgroundColor": "transparent",
                    "bottom": 25,
                    "flexDirection": "row",
                    "justifyContent": "space-around",
                    "position": "absolute",
                    "width": 750,
                    "zIndex": 5,
                  }
                }
              >
                <Component
                  style={
                    Object {
                      "width": 50,
                    }
                  }
                />
                <TouchableOpacity
                  activeOpacity={0.2}
                  onPress={[Function]}
                  style={
                    Object {
                      "alignSelf": "center",
                    }
                  }
                >
                  <Component
                    source={
                      Object {
                        "testUri": "../../../src/images/add-button.png",
                      }
                    }
                    style={
                      Object {
                        "height": 125,
                        "width": 125,
                      }
                    }
                  />
                </TouchableOpacity>
                <TouchableOpacity
                  activeOpacity={0.2}
                  onPress={[Function]}
                >
                  <Icon
                    allowFontScaling={false}
                    color="#ffffff"
                    name="my-location"
                    size={50}
                  />
                </TouchableOpacity>
              </Component>,
            ],
            "style": Object {
              "flex": 1,
            },
          },
          "ref": null,
          "rendered": Array [
            Object {
              "instance": null,
              "key": undefined,
              "nodeType": "function",
              "props": Object {
                "children": Array [
                  null,
                  undefined,
                ],
                "compassEnabled": false,
                "logoEnabled": true,
                "maxZoomLevel": 22,
                "minZoomLevel": undefined,
                "onLongPress": [Function],
                "pitchEnabled": false,
                "rotateEnabled": false,
                "style": Object {
                  "flex": 1,
                },
                "styleURL": undefined,
              },
              "ref": [Function],
              "rendered": Array [
                null,
                undefined,
              ],
              "type": undefined,
            },
            Object {
              "instance": null,
              "key": undefined,
              "nodeType": "class",
              "props": Object {
                "children": Array [
                  <Component
                    style={
                      Object {
                        "width": 50,
                      }
                    }
                  />,
                  <TouchableOpacity
                    activeOpacity={0.2}
                    onPress={[Function]}
                    style={
                      Object {
                        "alignSelf": "center",
                      }
                    }
                  >
                    <Component
                      source={
                        Object {
                          "testUri": "../../../src/images/add-button.png",
                        }
                      }
                      style={
                        Object {
                          "height": 125,
                          "width": 125,
                        }
                      }
                    />
                  </TouchableOpacity>,
                  <TouchableOpacity
                    activeOpacity={0.2}
                    onPress={[Function]}
                  >
                    <Icon
                      allowFontScaling={false}
                      color="#ffffff"
                      name="my-location"
                      size={50}
                    />
                  </TouchableOpacity>,
                ],
                "style": Object {
                  "alignItems": "center",
                  "backgroundColor": "transparent",
                  "bottom": 25,
                  "flexDirection": "row",
                  "justifyContent": "space-around",
                  "position": "absolute",
                  "width": 750,
                  "zIndex": 5,
                },
              },
              "ref": null,
              "rendered": Array [
                Object {
                  "instance": null,
                  "key": undefined,
                  "nodeType": "class",
                  "props": Object {
                    "style": Object {
                      "width": 50,
                    },
                  },
                  "ref": null,
                  "rendered": null,
                  "type": [Function],
                },
                Object {
                  "instance": null,
                  "key": undefined,
                  "nodeType": "class",
                  "props": Object {
                    "activeOpacity": 0.2,
                    "children": <Component
                      source={
                        Object {
                          "testUri": "../../../src/images/add-button.png",
                        }
                      }
                      style={
                        Object {
                          "height": 125,
                          "width": 125,
                        }
                      }
                    />,
                    "onPress": [Function],
                    "style": Object {
                      "alignSelf": "center",
                    },
                  },
                  "ref": null,
                  "rendered": Object {
                    "instance": null,
                    "key": undefined,
                    "nodeType": "class",
                    "props": Object {
                      "source": Object {
                        "testUri": "../../../src/images/add-button.png",
                      },
                      "style": Object {
                        "height": 125,
                        "width": 125,
                      },
                    },
                    "ref": null,
                    "rendered": null,
                    "type": [Function],
                  },
                  "type": [Function],
                },
                Object {
                  "instance": null,
                  "key": undefined,
                  "nodeType": "class",
                  "props": Object {
                    "activeOpacity": 0.2,
                    "children": <Icon
                      allowFontScaling={false}
                      color="#ffffff"
                      name="my-location"
                      size={50}
                    />,
                    "onPress": [Function],
                  },
                  "ref": null,
                  "rendered": Object {
                    "instance": null,
                    "key": undefined,
                    "nodeType": "class",
                    "props": Object {
                      "allowFontScaling": false,
                      "color": "#ffffff",
                      "name": "my-location",
                      "size": 50,
                    },
                    "ref": null,
                    "rendered": null,
                    "type": [Function],
                  },
                  "type": [Function],
                },
              ],
              "type": [Function],
            },
          ],
          "type": [Function],
        },
        Object {
          "instance": null,
          "key": undefined,
          "nodeType": "class",
          "props": Object {
            "children": <ImageBackground
              source={
                Object {
                  "testUri": "../../../src/images/gradient-overlay.png",
                }
              }
              style={
                Object {
                  "height": 100,
                  "width": 750,
                }
              }
            />,
            "style": Object {
              "backgroundColor": "transparent",
              "left": 0,
              "position": "absolute",
            },
          },
          "ref": null,
          "rendered": Object {
            "instance": null,
            "key": undefined,
            "nodeType": "class",
            "props": Object {
              "source": Object {
                "testUri": "../../../src/images/gradient-overlay.png",
              },
              "style": Object {
                "height": 100,
                "width": 750,
              },
            },
            "ref": null,
            "rendered": null,
            "type": [Function],
          },
          "type": [Function],
        },
      ],
      "type": [Function],
    },
  ],
  Symbol(enzyme.__options__): Object {
    "adapter": ReactSixteenAdapter {
      "options": Object {
        "enableComponentDidUpdateOnSetState": true,
      },
    },
  },
}
`;
