// Jest Snapshot v1, https://goo.gl/fbAQLP

exports[`ObservationEditor tests snapshot 1`] = `
<View
  enabled={true}
  keyboardVerticalOffset={0}
  onLayout={[Function]}
  style={
    Object {
      "backgroundColor": "#ffffff",
      "flex": 1,
    }
  }
>
  <View
    style={
      Object {
        "alignItems": "center",
        "backgroundColor": "#ccffff",
        "justifyContent": "center",
        "paddingBottom": 10,
      }
    }
  >
    <View
      accessibilityComponentType={undefined}
      accessibilityLabel={undefined}
      accessibilityTraits={undefined}
      accessible={true}
      collapsable={undefined}
      hasTVPreferredFocus={undefined}
      hitSlop={undefined}
      isTVSelectable={true}
      nativeID={undefined}
      onLayout={undefined}
      onResponderGrant={[Function]}
      onResponderMove={[Function]}
      onResponderRelease={[Function]}
      onResponderTerminate={[Function]}
      onResponderTerminationRequest={[Function]}
      onStartShouldSetResponder={[Function]}
      style={
        Object {
          "opacity": 1,
        }
      }
      testID={undefined}
      tvParallaxProperties={undefined}
    >
      <View
        style={
          Object {
            "alignItems": "center",
            "backgroundColor": "white",
            "borderColor": "#EAEAEA",
            "borderRadius": 50,
            "borderWidth": 1,
            "elevation": 3,
            "height": 60,
            "justifyContent": "center",
            "margin": 5,
            "shadowColor": "black",
            "shadowOffset": Object {
              "height": 2,
              "width": 0,
            },
            "shadowOpacity": 1,
            "shadowRadius": 10,
            "width": 60,
          }
        }
      >
        <Image
          resizeMode="contain"
          source={
            Object {
              "testUri": "../../../src/images/categories/category_18.png",
            }
          }
          style={
            Object {
              "height": 30,
              "width": 30,
            }
          }
        />
      </View>
    </View>
    <View
      style={
        Object {
          "flexDirection": "row",
          "marginTop": 5,
        }
      }
    >
      <Text
        accessible={true}
        allowFontScaling={false}
        ellipsizeMode="tail"
        style={
          Array [
            Object {
              "color": "#ff9933",
              "fontSize": 15,
            },
            undefined,
            Object {
              "fontFamily": "Entypo",
              "fontStyle": "normal",
              "fontWeight": "normal",
            },
          ]
        }
      >
        
      </Text>
      <Text
        accessible={true}
        allowFontScaling={true}
        ellipsizeMode="tail"
        style={
          Object {
            "color": "black",
            "fontSize": 12,
            "fontWeight": "700",
            "marginLeft": 3,
          }
        }
      >
        50.5, 50.5
      </Text>
    </View>
  </View>
  <RCTScrollView
    contentContainerStyle={
      Object {
        "flex": 1,
      }
    }
  >
    <View>
      <TextInput
        allowFontScaling={true}
        autoFocus={true}
        autoGrow={true}
        multiline={true}
        onBlur={[Function]}
        onChangeText={[Function]}
        onFocus={[Function]}
        placeholder="What's happening here?"
        placeholderTextColor="silver"
        style={
          Object {
            "alignItems": "flex-start",
            "backgroundColor": "white",
            "borderColor": "#EAEAEA",
            "color": "black",
            "flex": 1,
            "fontSize": 20,
            "justifyContent": "flex-start",
            "padding": 20,
            "paddingBottom": 30,
            "textAlignVertical": "top",
          }
        }
        underlineColorAndroid="transparent"
        value="This is pretty bad. It smells pretty noxious, and the entire pond is affected."
      />
    </View>
  </RCTScrollView>
  <View
    style={
      Object {
        "borderColor": "#EAEAEA",
        "borderTopWidth": 1,
      }
    }
  >
    <View>
      <View
        accessibilityComponentType={undefined}
        accessibilityLabel={undefined}
        accessibilityTraits={undefined}
        accessible={true}
        collapsable={undefined}
        hasTVPreferredFocus={undefined}
        hitSlop={undefined}
        isTVSelectable={true}
        nativeID={undefined}
        onLayout={undefined}
        onResponderGrant={[Function]}
        onResponderMove={[Function]}
        onResponderRelease={[Function]}
        onResponderTerminate={[Function]}
        onResponderTerminationRequest={[Function]}
        onStartShouldSetResponder={[Function]}
        style={
          Object {
            "alignSelf": "stretch",
            "backgroundColor": "#ffffff",
            "borderBottomWidth": 1,
            "borderColor": "#EAEAEA",
            "height": 60,
            "justifyContent": "center",
            "opacity": 1,
          }
        }
        testID={undefined}
        tvParallaxProperties={undefined}
      >
        <View
          style={
            Object {
              "flexDirection": "row",
            }
          }
        >
          <Text
            accessible={true}
            allowFontScaling={false}
            ellipsizeMode="tail"
            style={
              Array [
                Object {
                  "color": "#666666",
                  "fontSize": 30,
                },
                Object {
                  "marginHorizontal": 30,
                },
                Object {
                  "fontFamily": "Material Icons",
                  "fontStyle": "normal",
                  "fontWeight": "normal",
                },
              ]
            }
          >
            
          </Text>
          <Text
            accessible={true}
            allowFontScaling={true}
            ellipsizeMode="tail"
            style={
              Object {
                "color": "black",
                "fontSize": 20,
                "fontWeight": "700",
              }
            }
          >
            Photos & Videos
          </Text>
        </View>
      </View>
      <View
        accessibilityComponentType={undefined}
        accessibilityLabel={undefined}
        accessibilityTraits={undefined}
        accessible={true}
        collapsable={undefined}
        hasTVPreferredFocus={undefined}
        hitSlop={undefined}
        isTVSelectable={true}
        nativeID={undefined}
        onLayout={undefined}
        onResponderGrant={[Function]}
        onResponderMove={[Function]}
        onResponderRelease={[Function]}
        onResponderTerminate={[Function]}
        onResponderTerminationRequest={[Function]}
        onStartShouldSetResponder={[Function]}
        style={
          Object {
            "alignSelf": "stretch",
            "backgroundColor": "#ffffff",
            "borderBottomWidth": 1,
            "borderColor": "#EAEAEA",
            "height": 60,
            "justifyContent": "center",
            "opacity": 1,
          }
        }
        testID={undefined}
        tvParallaxProperties={undefined}
      >
        <View
          style={
            Object {
              "flexDirection": "row",
            }
          }
        >
          <Image
            source={
              Object {
                "testUri": "../../../src/images/editor-details.png",
              }
            }
            style={
              Object {
                "height": 25,
                "marginLeft": 34,
                "marginRight": 31,
                "width": 25,
              }
            }
          />
          <Text
            accessible={true}
            allowFontScaling={true}
            ellipsizeMode="tail"
            style={
              Object {
                "color": "black",
                "fontSize": 20,
                "fontWeight": "700",
              }
            }
          >
            Details
          </Text>
        </View>
      </View>
    </View>
  </View>
  <Modal
    animation="slide"
    hardwareAccelerated={false}
    onRequestClose={[Function]}
    transparent={true}
    visible={true}
  >
    <View
      style={
        Object {
          "alignItems": "center",
          "backgroundColor": "rgba(52, 52, 52, 0.8)",
          "flex": 1,
          "justifyContent": "center",
        }
      }
    >
      <View
        style={
          Object {
            "alignItems": "center",
            "alignSelf": "center",
            "backgroundColor": "white",
            "borderRadius": 20,
            "height": 667,
            "padding": 10,
            "width": 600,
          }
        }
      >
        <View
          style={
            Object {
              "alignItems": "center",
              "borderBottomColor": "#EAEAEA",
              "borderBottomWidth": 1,
              "flex": 2,
              "justifyContent": "center",
              "marginHorizontal": 10,
              "paddingBottom": 10,
              "paddingHorizontal": 10,
              "paddingTop": 20,
            }
          }
        >
          <Text
            accessible={true}
            allowFontScaling={true}
            ellipsizeMode="tail"
            style={
              Object {
                "color": "black",
                "fontSize": 16,
                "fontWeight": "700",
                "textAlign": "center",
              }
            }
          >
            Changes not saved!
          </Text>
          <Text
            accessible={true}
            allowFontScaling={true}
            ellipsizeMode="tail"
            style={
              Object {
                "color": "#666666",
                "fontSize": 16,
                "textAlign": "center",
              }
            }
          >
            Are you sure you want to cancel your observation?
          </Text>
        </View>
        <View
          style={
            Object {
              "alignItems": "center",
              "alignSelf": "stretch",
              "borderBottomColor": "#EAEAEA",
              "borderBottomWidth": 1,
              "flex": 1,
              "justifyContent": "center",
              "marginHorizontal": 10,
              "paddingVertical": 15,
            }
          }
        >
          <View
            accessibilityComponentType={undefined}
            accessibilityLabel={undefined}
            accessibilityTraits={undefined}
            accessible={true}
            collapsable={undefined}
            hasTVPreferredFocus={undefined}
            hitSlop={undefined}
            isTVSelectable={true}
            nativeID={undefined}
            onLayout={undefined}
            onResponderGrant={[Function]}
            onResponderMove={[Function]}
            onResponderRelease={[Function]}
            onResponderTerminate={[Function]}
            onResponderTerminationRequest={[Function]}
            onStartShouldSetResponder={[Function]}
            style={
              Object {
                "opacity": 1,
              }
            }
            testID={undefined}
            tvParallaxProperties={undefined}
          >
            <Text
              accessible={true}
              allowFontScaling={true}
              ellipsizeMode="tail"
              style={
                Object {
                  "color": "#3366ff",
                  "fontSize": 16,
                }
              }
            >
              Continue Editing
            </Text>
          </View>
        </View>
        <View
          accessibilityComponentType={undefined}
          accessibilityLabel={undefined}
          accessibilityTraits={undefined}
          accessible={true}
          collapsable={undefined}
          hasTVPreferredFocus={undefined}
          hitSlop={undefined}
          isTVSelectable={true}
          nativeID={undefined}
          onLayout={undefined}
          onResponderGrant={[Function]}
          onResponderMove={[Function]}
          onResponderRelease={[Function]}
          onResponderTerminate={[Function]}
          onResponderTerminationRequest={[Function]}
          onStartShouldSetResponder={[Function]}
          style={
            Object {
              "alignItems": "center",
              "alignSelf": "stretch",
              "backgroundColor": "#ff9933",
              "borderColor": "#ed6109",
              "borderRadius": 30,
              "borderWidth": 2,
              "flex": 1,
              "justifyContent": "center",
              "marginBottom": 7,
              "marginTop": 15,
              "opacity": 1,
              "paddingVertical": 5,
            }
          }
          testID={undefined}
          tvParallaxProperties={undefined}
        >
          <Text
            accessible={true}
            allowFontScaling={true}
            ellipsizeMode="tail"
            style={
              Object {
                "color": "#ffffff",
                "fontSize": 16,
                "fontWeight": "700",
              }
            }
          >
            Yes, Cancel
          </Text>
        </View>
      </View>
    </View>
  </Modal>
</View>
`;
