// Jest Snapshot v1, https://goo.gl/fbAQLP

exports[`ObservationEditor tests snapshot 1`] = `
<View
  enabled={true}
  keyboardVerticalOffset={0}
  onLayout={[Function]}
  style={
    Object {
      "backgroundColor": "#ffffff",
      "flex": 1,
    }
  }
>
  <View
    style={
      Object {
        "alignItems": "center",
        "backgroundColor": "#ccffff",
        "justifyContent": "center",
        "paddingBottom": 10,
      }
    }
  >
    <View
      accessible={true}
      isTVSelectable={true}
      onResponderGrant={[Function]}
      onResponderMove={[Function]}
      onResponderRelease={[Function]}
      onResponderTerminate={[Function]}
      onResponderTerminationRequest={[Function]}
      onStartShouldSetResponder={[Function]}
      style={
        Object {
          "opacity": 1,
        }
      }
    >
      <View
        style={
          Object {
            "alignItems": "center",
            "backgroundColor": "white",
            "borderColor": "#EAEAEA",
            "borderRadius": 50,
            "borderWidth": 1,
            "elevation": 3,
            "height": 60,
            "justifyContent": "center",
            "margin": 5,
            "shadowColor": "black",
            "shadowOffset": Object {
              "height": 2,
              "width": 0,
            },
            "shadowOpacity": 1,
            "shadowRadius": 10,
            "width": 60,
          }
        }
      />
    </View>
    <View
      style={
        Object {
          "flexDirection": "row",
          "marginTop": 5,
        }
      }
    >
      <Text
        accessible={true}
        allowFontScaling={false}
        ellipsizeMode="tail"
        style={
          Array [
            Object {
              "color": "#ff9933",
              "fontSize": 15,
            },
            undefined,
            Object {
              "fontFamily": "Entypo",
              "fontStyle": "normal",
              "fontWeight": "normal",
            },
          ]
        }
      >
        
      </Text>
      <Text
        accessible={true}
        allowFontScaling={true}
        ellipsizeMode="tail"
        style={
          Object {
            "color": "black",
            "fontSize": 12,
            "fontWeight": "700",
            "marginLeft": 3,
          }
        }
      >
        50.5, 50.5
      </Text>
    </View>
  </View>
  <RCTScrollView
    contentContainerStyle={
      Object {
        "flex": 1,
      }
    }
  >
    <View>
      <TextInput
        allowFontScaling={true}
        autoFocus={false}
        autoGrow={true}
        multiline={true}
        onBlur={[Function]}
        onChangeText={[Function]}
        onFocus={[Function]}
        placeholder="What's happening here?"
        placeholderTextColor="silver"
        style={
          Object {
            "alignItems": "flex-start",
            "backgroundColor": "white",
            "borderColor": "#EAEAEA",
            "color": "black",
            "flex": 1,
            "fontSize": 20,
            "justifyContent": "flex-start",
            "padding": 20,
            "paddingBottom": 30,
            "textAlignVertical": "top",
          }
        }
        underlineColorAndroid="transparent"
        value="This is pretty bad. It smells pretty noxious, and the entire pond is affected."
      />
    </View>
  </RCTScrollView>
  <View
    style={
      Object {
        "borderColor": "#EAEAEA",
        "borderTopWidth": 1,
      }
    }
  >
    <View>
      <View
        accessible={true}
        isTVSelectable={true}
        onResponderGrant={[Function]}
        onResponderMove={[Function]}
        onResponderRelease={[Function]}
        onResponderTerminate={[Function]}
        onResponderTerminationRequest={[Function]}
        onStartShouldSetResponder={[Function]}
        style={
          Object {
            "alignSelf": "stretch",
            "backgroundColor": "#ffffff",
            "borderBottomWidth": 1,
            "borderColor": "#EAEAEA",
            "height": 60,
            "justifyContent": "center",
            "opacity": 1,
          }
        }
      >
        <View
          style={
            Object {
              "flexDirection": "row",
            }
          }
        >
          <Text
            accessible={true}
            allowFontScaling={false}
            ellipsizeMode="tail"
            style={
              Array [
                Object {
                  "color": "#666666",
                  "fontSize": 30,
                },
                Object {
                  "marginHorizontal": 30,
                },
                Object {
                  "fontFamily": "Material Icons",
                  "fontStyle": "normal",
                  "fontWeight": "normal",
                },
              ]
            }
          >
            
          </Text>
          <Text
            accessible={true}
            allowFontScaling={true}
            ellipsizeMode="tail"
            style={
              Object {
                "color": "black",
                "fontSize": 20,
                "fontWeight": "700",
              }
            }
          >
            Photos & Videos
          </Text>
        </View>
      </View>
      <View
        accessible={true}
        isTVSelectable={true}
        onResponderGrant={[Function]}
        onResponderMove={[Function]}
        onResponderRelease={[Function]}
        onResponderTerminate={[Function]}
        onResponderTerminationRequest={[Function]}
        onStartShouldSetResponder={[Function]}
        style={
          Object {
            "alignSelf": "stretch",
            "backgroundColor": "#ffffff",
            "borderBottomWidth": 1,
            "borderColor": "#EAEAEA",
            "height": 60,
            "justifyContent": "center",
            "opacity": 1,
          }
        }
      >
        <View
          style={
            Object {
              "flexDirection": "row",
            }
          }
        >
          <Image
            source={
              Object {
                "testUri": "../../../src/images/editor-details.png",
              }
            }
            style={
              Object {
                "height": 25,
                "marginLeft": 34,
                "marginRight": 31,
                "width": 25,
              }
            }
          />
          <Text
            accessible={true}
            allowFontScaling={true}
            ellipsizeMode="tail"
            style={
              Object {
                "color": "black",
                "fontSize": 20,
                "fontWeight": "700",
              }
            }
          >
            Details
          </Text>
        </View>
      </View>
    </View>
  </View>
</View>
`;
